     1                                  ; Se da un şir de dublucuvinte conținând date împachetate (4 octeţi scrişi ca un singur dublucuvânt). Sa se obțină un nou şir de dublucuvinte, in care fiecare dublucuvânt se va obține după regula: suma 
     2                                  
     3                                  ; Exemplu:
     4                                  ; pentru şirul inițial:
     5                                  ; 127F5678h, 0ABCDABCDh, ...
     6                                  
     7                                  ; Se va obține:
     8                                  ; 006800F7h, 0FF56FF9Ah
     9                                  
    10                                  
    11                                  bits 32 ; assembling for the 32 bits architecture
    12                                  
    13                                  ; declare the EntryPoint (a label defining the very first instruction of the program)
    14                                  global start        
    15                                  
    16                                  ; declare external functions needed by our program
    17                                  extern exit, printf           ; tell nasm that exit exists even if we won't be defining it
    18                                  import exit msvcrt.dll    ; exit is a function that ends the calling process. It is defined in msvcrt.dll
    19                                                            ; msvcrt.dll contains exit, printf and all the other important C-runtime specific functions
    20                                  import printf msvcrt.dll
    21                                                            
    22                                  ; our data is declared here (the variables needed by our program)
    23                                  segment data use32 class=data
    24 00000000 78567F12CDABCDAB            sir dd 127F5678h, 0ABCDABCDh
    25                                      len equ ($-sir)/8 ;lungimea sirului in dublucuvinte
    26 00000008 00000000                    sumap dd 0 ; variabila in care memoram suma octetilor "pari"
    27 0000000C 00000000                    sumai dd 0 ; variabila in care memoram suma octatilor "impari"
    28                                  ; our code starts here
    29                                  segment code use32 class=code
    30                                      start:
    31 00000000 BE[00000000]                    mov esi, sir
    32 00000005 B901000000                      mov ecx, len
    33 0000000A FC                              cld
    34 0000000B E332                            jecxz finish
    35                                          repeta:
    36 0000000D AD                                  lodsd
    37                                              
    38 0000000E 31DB                                xor ebx, ebx
    39 00000010 31D2                                xor edx, edx
    40 00000012 660FBED8                            movsx bx, al
    41 00000016 C1E808                              shr eax, 8
    42 00000019 660FBED4                            movsx dx, ah
    43 0000001D 6601D3                              add bx, dx
    44 00000020 891D[0C000000]                      mov [sumai], ebx
    45                                              
    46 00000026 31DB                                xor ebx, ebx
    47 00000028 31D2                                xor edx, edx
    48 0000002A 660FBED8                            movsx bx, al
    49 0000002E C1E808                              shr eax, 8
    50 00000031 660FBED4                            movsx dx, ah
    51 00000035 6601D3                              add bx, dx
    52 00000038 8915[08000000]                      mov [sumap], edx            
    53                                              
    54                                              
    55                                              
    56 0000003E AB                                  stosd
    57                                              
    58                                              
    59                                          finish
    59          ******************       warning: label alone on a line without a colon might be in error [-w+orphan-labels]
    60                                          ; exit(0)
    61 0000003F 6A00                            push    dword 0      ; push the parameter for exit onto the stack
    62 00000041 FF15[00000000]                  call    [exit]       ; call exit to terminate the program
