     1                                  bits 32 ; assembling for the 32 bits architecture
     2                                  
     3                                  ; declare the EntryPoint (a label defining the very first instruction of the program)
     4                                  global start        
     5                                  
     6                                  ; declare external functions needed by our program
     7                                  extern exit               ; tell nasm that exit exists even if we won't be defining it
     8                                  import exit msvcrt.dll    ; exit is a function that ends the calling process. It is defined in msvcrt.dll
     9                                                            ; msvcrt.dll contains exit, printf and all the other important C-runtime specific functions
    10                                  
    11                                  ; our data is declared here (the variables needed by our program)
    12                                  segment data use32 class=data
    13                                      ; ...
    14                                  
    15                                  ; our code starts here
    16                                  segment code use32 class=code
    17                                      start:
    18                                          ; Exercises
    19                                          
    20                                          ; 1.
    21 00000000 66B80100                        mov AX, 1
    22 00000004 66BB0900                        mov BX, 9
    23 00000008 6601D8                          add AX, BX
    24                                          
    25 0000000B 66B80100                        mov AX, 1
    26 0000000F 66BB0F00                        mov BX, 15
    27 00000013 6601D8                          add AX, BX
    28                                          
    29 00000016 66B88000                        mov AX, 128
    30 0000001A 66BB8000                        mov BX, 128
    31 0000001E 6601D8                          add AX, BX
    32                                          
    33 00000021 66B80500                        mov AX, 5
    34 00000025 66BB0600                        mov BX, 6
    35 00000029 6629D8                          sub AX, BX
    36                                          
    37 0000002C 66B80A00                        mov AX, 10
    38 00000030 B304                            mov BL, 4
    39 00000032 F6F3                            div BL
    40                                          
    41 00000034 B000                            mov AL, 256
    41          ******************       warning: byte data exceeds bounds [-w+number-overflow]
    42 00000036 B301                            mov BL, 1
    43 00000038 F6E3                            mul BL
    44                                          
    45 0000003A 66B80001                        mov AX, 256
    46 0000003E B301                            mov BL, 1
    47 00000040 F6F3                            div BL
    48                                          
    49 00000042 66B88000                        mov AX, 128
    50 00000046 66BB7F00                        mov BX, 127
    51 0000004A 6601D8                          add AX, BX
    52                                          
    53 0000004D B003                            mov AL, 3
    54 0000004F B304                            mov BL, 4
    55 00000051 F6E3                            mul BL
    56                                          
    57                                          
    58                                      
    59                                          ; exit(0)
    60 00000053 6A00                            push    dword 0      ; push the parameter for exit onto the stack
    61 00000055 FF15[00000000]                  call    [exit]       ; call exit to terminate the program
