     1                                  bits 32 ; assembling for the 32 bits architecture
     2                                  
     3                                  ; declare the EntryPoint (a label defining the very first instruction of the program)
     4                                  global start        
     5                                  
     6                                  ; declare external functions needed by our program
     7                                  extern exit               ; tell nasm that exit exists even if we won't be defining it
     8                                  import exit msvcrt.dll    ; exit is a function that ends the calling process. It is defined in msvcrt.dll
     9                                                            ; msvcrt.dll contains exit, printf and all the other important C-runtime specific functions
    10                                  
    11                                  ; our data is declared here (the variables needed by our program)
    12                                  segment data use32 class=data
    13 00000000 0103FEFB03F80500            s db 1, 3, -2, -5, 3, -8, 5, 0
    14                                      l equ $-s
    15                                      
    16 00000008 00<rept>                    d1 times l db 0
    17 00000010 00<rept>                    d2 times l db 0
    18                                  
    19                                  ; our code starts here
    20                                  segment code use32 class=code
    21                                      start:
    22                                          
    23 00000000 B908000000                      mov ecx, l
    24                                          
    25 00000005 BE00000000                      mov esi, 0
    26 0000000A BF00000000                      mov edi, 0
    27 0000000F BB00000000                      mov ebx, 0
    28                                          
    29 00000014 E31E                            jecxz empty_sequence
    30                                          
    31                                          seq_process:
    32 00000016 8B86[00000000]                      mov eax, [s+esi] ; take into eax the element s+pointer
    33                                              
    34 0000001C 83F800                              cmp eax, 0
    35                                              
    36 0000001F 7F09                                jg is_positive ; jump if greater than 0, basically. 
    37                                              
    38                                              is_negative:
    39 00000021 8987[10000000]                          mov [d2+edi], eax
    40 00000027 47                                      inc edi
    41 00000028 EB07                                    jmp next_elem
    42                                                  
    43                                              is_positive:
    44 0000002A 8983[08000000]                          mov [d1+ebx], eax
    45 00000030 43                                      inc ebx
    46                                              
    47                                              next_elem:    
    48 00000031 46                                      inc esi
    49 00000032 E2E2                            loop seq_process
    50                                          
    51                                          empty_sequence:
    52                                              
    53                                          
    54                                          ; exit(0)
    55 00000034 6A00                            push    dword 0      ; push the parameter for exit onto the stack
    56 00000036 FF15[00000000]                  call    [exit]       ; call exit to terminate the program
